
> toss-apply-demo@1.0.0 test
> vitest Modal.test --run --reporter=verbose


[1m[46m RUN [49m[22m [36mv4.0.16 [39m[90mC:/Users/yena/Desktop/ai-portfolio-hackathon/toss-apply-demo[39m

 [32m??[39m [30m[42m unit [49m[39m src/components/Modal/Modal.test.tsx[2m > [22mModal[2m > [22mBasic rendering[2m > [22mshould not render when closed[32m 21[2mms[22m[39m
 [32m??[39m [30m[42m unit [49m[39m src/components/Modal/Modal.test.tsx[2m > [22mModal[2m > [22mBasic rendering[2m > [22mshould render in portal when open[32m 138[2mms[22m[39m
 [32m??[39m [30m[42m unit [49m[39m src/components/Modal/Modal.test.tsx[2m > [22mModal[2m > [22mBasic rendering[2m > [22mshould render overlay[32m 7[2mms[22m[39m
 [32m??[39m [30m[42m unit [49m[39m src/components/Modal/Modal.test.tsx[2m > [22mModal[2m > [22mBasic rendering[2m > [22mshould render content[32m 6[2mms[22m[39m
 [32m??[39m [30m[42m unit [49m[39m src/components/Modal/Modal.test.tsx[2m > [22mModal[2m > [22mKeyboard interactions[2m > [22mshould close modal when Escape is pressed[32m 21[2mms[22m[39m
 [32m??[39m [30m[42m unit [49m[39m src/components/Modal/Modal.test.tsx[2m > [22mModal[2m > [22mKeyboard interactions[2m > [22mshould not close when Escape is pressed if closeOnEscape is false[32m 10[2mms[22m[39m
 [32m??[39m [30m[42m unit [49m[39m src/components/Modal/Modal.test.tsx[2m > [22mModal[2m > [22mOverlay interactions[2m > [22mshould close modal when overlay is clicked[32m 35[2mms[22m[39m
 [32m??[39m [30m[42m unit [49m[39m src/components/Modal/Modal.test.tsx[2m > [22mModal[2m > [22mOverlay interactions[2m > [22mshould not close when overlay clicked if closeOnOverlayClick is false[32m 61[2mms[22m[39m
 [32m??[39m [30m[42m unit [49m[39m src/components/Modal/Modal.test.tsx[2m > [22mModal[2m > [22mOverlay interactions[2m > [22mshould not close when content is clicked[32m 61[2mms[22m[39m
 [32m??[39m [30m[42m unit [49m[39m src/components/Modal/Modal.test.tsx[2m > [22mModal[2m > [22mAccessibility[2m > [22mshould have proper ARIA attributes[32m 31[2mms[22m[39m
 [32m??[39m [30m[42m unit [49m[39m src/components/Modal/Modal.test.tsx[2m > [22mModal[2m > [22mAccessibility[2m > [22mshould link title with aria-labelledby[32m 22[2mms[22m[39m
 [32m??[39m [30m[42m unit [49m[39m src/components/Modal/Modal.test.tsx[2m > [22mModal[2m > [22mAccessibility[2m > [22mshould prevent body scroll when open[32m 3[2mms[22m[39m
 [32m??[39m [30m[42m unit [49m[39m src/components/Modal/Modal.test.tsx[2m > [22mModal[2m > [22mAccessibility[2m > [22mshould restore body scroll when closed[32m 7[2mms[22m[39m
 [32m??[39m [30m[42m unit [49m[39m src/components/Modal/Modal.test.tsx[2m > [22mModal[2m > [22mCompound components[2m > [22mshould render header, body, and footer[32m 5[2mms[22m[39m
 [32m??[39m [30m[42m unit [49m[39m src/components/Modal/Modal.test.tsx[2m > [22mModal[2m > [22mCompound components[2m > [22mshould render close button[32m 25[2mms[22m[39m
 [32m??[39m [30m[42m unit [49m[39m src/components/Modal/Modal.test.tsx[2m > [22mModal[2m > [22mCompound components[2m > [22mshould close modal when close button is clicked[32m 76[2mms[22m[39m
 [31m횞[39m [30m[42m unit [49m[39m src/components/Modal/Modal.test.tsx[2m > [22mModal[2m > [22mControlled behavior[2m > [22mshould work as controlled component[32m 121[2mms[22m[39m
[31m   ??[2mexpect([22m[31melement[31m[2m).not.toBeInTheDocument()[22m

[31mexpected document not to contain element, found <div
  aria-labelledby="_r_1f_"
  aria-modal="true"
  class="relative bg-white rounded-lg shadow-xl"
  id="_r_1g_"
  role="dialog"
>
  <button>
    Close
  </button>
</div> instead[31m[39m
node.exe : 
위치 줄:1 문자:1
+ & "C:\Program Files\nodejs/node.exe" "C:\U
sers\yena\AppData\Roaming\n ...
+ ~~~~~~~~~~~~~~~~~~~~~~~~~~~~~~~~~~~~~~~~~~
~~~~~~~~~~~~~~~~~~~~~~~~~~~
    + CategoryInfo          : NotSpecified: 
    (:String) [], RemoteException
    + FullyQualifiedErrorId : NativeCommand 
   Error
 
[31m??렞??렞??렞??[39m[1m[41m Failed Tests 1
 [49m[22m[31m??렞??렞??렞??[39m

[41m[1m FAIL [22m[49m [30m[42m unit [
49m[39m src/components/Modal/Modal.test.tsx
[2m > [22mModal[2m > [22mControlled beha
vior[2m > [22mshould work as controlled co
mponent
[31m[1mError[22m: [2mexpect([22m[31mel
ement[31m[2m).not.toBeInTheDocument()[22m

[31mexpected document not to contain elemen
t, found <div
  aria-labelledby="_r_1f_"
  aria-modal="true"
  class="relative bg-white rounded-lg shadow
-xl"
  id="_r_1g_"
  role="dialog"
>
  <button>
    Close
  </button>
</div> instead[31m[39m
[36m [2m??[22m src/components/Modal/Modal.
test.tsx:[2m286:54[22m[39m
    [90m284| [39m            [90m// Close
 modal[39m
    [90m285| [39m            [35mawait[3
9m user[33m.[39m[34mclick[39m(screen[33
m.[39m[34mgetByText[39m([32m'Close'[39m
))[33m;[39m
    [90m286| [39m            expect(screen
.queryByRole('dialog')).not.toBeInTheDocumen
t??    [90m   | [39m                      
                               [31m^[39m
    [90m287| [39m        })[33m;[39m
    [90m288| [39m    })[33m;[39m

[31m[2m??렞??렞??렞??렞??렞??렞??렞??렞??렞??렞??렞??
렞[1/1]??[22m[39m


[2m Test Files [22m [1m[31m1 failed[39m[22m[90m (1)[39m
[2m      Tests [22m [1m[31m1 failed[39m[22m[2m | [22m[1m[32m16 passed[39m[22m[90m (17)[39m
[2m   Start at [22m 15:19:07
[2m   Duration [22m 4.25s[2m (transform 216ms, setup 484ms, import 1.01s, tests 654ms, environment 1.74s)[22m

